━━━━━━━━━━━━━━━━━━━━━━━━━━━━━━━━━━━━━━━━━━━━━━━━━━━━━━━━━━━━━━
  Thesis Experiment Run - Thu Oct  9 00:25:01 CEST 2025
━━━━━━━━━━━━━━━━━━━━━━━━━━━━━━━━━━━━━━━━━━━━━━━━━━━━━━━━━━━━━━


================================================================================
🎯 RUNNING CORE THESIS EXPERIMENT SUITE
================================================================================
Experiments: Baseline, Crash-only, Network-only, Combined
Replications per experiment: 3
Estimated duration: ~420 minutes (7.0 hours)
================================================================================

📊 Running: Baseline (No Faults)
   Perfect conditions - establish performance baseline

================================================================================
EXPERIMENT: baseline
Replications: 3
================================================================================

>>> Replication 1/3

================================================================================
EXPERIMENT: {'node_count': 32, 'tx_rate': 10, 'crash_fraction': 0.0, 'crash_duration_s': 0, 'loss_pct': 0, 'latency_ms': 0, 'bandwidth_mbit': 100, 'warmup_s': 180, 'observe_s': 1800, 'cooldown_s': 60, 'seed': 42}
================================================================================
Step 1: Bootstrap...
Running: ansible-playbook playbooks/01_bootstrap_macos.yml -i inventory.ini -e @/Users/vincenttietze/btc-faultlab/temp_override.yml
Step 2: Deploy...
Running: ansible-playbook playbooks/02_deploy.yml -i inventory.ini -e @/Users/vincenttietze/btc-faultlab/temp_override.yml
Step 3: Run Experiment...
Running: ansible-playbook playbooks/03_run_experiment.yml -i inventory.ini -e @/Users/vincenttietze/btc-faultlab/temp_override.yml
Step 4: Collect Data...
Running: ansible-playbook playbooks/04_collect.yml -i inventory.ini -e @/Users/vincenttietze/btc-faultlab/temp_override.yml
✅ Experiment completed successfully in 3059.0s
   Results: 20251008T222609Z

>>> Replication 2/3

================================================================================
EXPERIMENT: {'node_count': 32, 'tx_rate': 10, 'crash_fraction': 0.0, 'crash_duration_s': 0, 'loss_pct': 0, 'latency_ms': 0, 'bandwidth_mbit': 100, 'warmup_s': 180, 'observe_s': 1800, 'cooldown_s': 60, 'seed': 43}
================================================================================
Step 1: Bootstrap...
Running: ansible-playbook playbooks/01_bootstrap_macos.yml -i inventory.ini -e @/Users/vincenttietze/btc-faultlab/temp_override.yml
Step 2: Deploy...
Running: ansible-playbook playbooks/02_deploy.yml -i inventory.ini -e @/Users/vincenttietze/btc-faultlab/temp_override.yml
Step 3: Run Experiment...
Running: ansible-playbook playbooks/03_run_experiment.yml -i inventory.ini -e @/Users/vincenttietze/btc-faultlab/temp_override.yml
Step 4: Collect Data...
Running: ansible-playbook playbooks/04_collect.yml -i inventory.ini -e @/Users/vincenttietze/btc-faultlab/temp_override.yml
✅ Experiment completed successfully in 2175.3s
   Results: 20251008T231719Z

>>> Replication 3/3

================================================================================
EXPERIMENT: {'node_count': 32, 'tx_rate': 10, 'crash_fraction': 0.0, 'crash_duration_s': 0, 'loss_pct': 0, 'latency_ms': 0, 'bandwidth_mbit': 100, 'warmup_s': 180, 'observe_s': 1800, 'cooldown_s': 60, 'seed': 44}
================================================================================
Step 1: Bootstrap...
Running: ansible-playbook playbooks/01_bootstrap_macos.yml -i inventory.ini -e @/Users/vincenttietze/btc-faultlab/temp_override.yml
Step 2: Deploy...
Running: ansible-playbook playbooks/02_deploy.yml -i inventory.ini -e @/Users/vincenttietze/btc-faultlab/temp_override.yml
Step 3: Run Experiment...
Running: ansible-playbook playbooks/03_run_experiment.yml -i inventory.ini -e @/Users/vincenttietze/btc-faultlab/temp_override.yml
Step 4: Collect Data...
Running: ansible-playbook playbooks/04_collect.yml -i inventory.ini -e @/Users/vincenttietze/btc-faultlab/temp_override.yml
✅ Experiment completed successfully in 2173.5s
   Results: 20251008T235334Z

📊 Running: Crash Faults Only
   30% node crashes without network impairments

================================================================================
EXPERIMENT: crash_only
Replications: 3
================================================================================

>>> Replication 1/3

================================================================================
EXPERIMENT: {'node_count': 32, 'tx_rate': 10, 'crash_fraction': 0.3, 'crash_duration_s': 300, 'crash_mode': 'burst', 'recovery_mode': 'cold', 'loss_pct': 0, 'latency_ms': 0, 'bandwidth_mbit': 100, 'warmup_s': 180, 'observe_s': 1800, 'cooldown_s': 60, 'seed': 42}
================================================================================
Step 1: Bootstrap...
Running: ansible-playbook playbooks/01_bootstrap_macos.yml -i inventory.ini -e @/Users/vincenttietze/btc-faultlab/temp_override.yml
Step 2: Deploy...
Running: ansible-playbook playbooks/02_deploy.yml -i inventory.ini -e @/Users/vincenttietze/btc-faultlab/temp_override.yml
Step 3: Run Experiment...
Running: ansible-playbook playbooks/03_run_experiment.yml -i inventory.ini -e @/Users/vincenttietze/btc-faultlab/temp_override.yml
Step 4: Collect Data...
Running: ansible-playbook playbooks/04_collect.yml -i inventory.ini -e @/Users/vincenttietze/btc-faultlab/temp_override.yml
✅ Experiment completed successfully in 3474.9s
   Results: 20251009T002948Z

>>> Replication 2/3

================================================================================
EXPERIMENT: {'node_count': 32, 'tx_rate': 10, 'crash_fraction': 0.3, 'crash_duration_s': 300, 'crash_mode': 'burst', 'recovery_mode': 'cold', 'loss_pct': 0, 'latency_ms': 0, 'bandwidth_mbit': 100, 'warmup_s': 180, 'observe_s': 1800, 'cooldown_s': 60, 'seed': 43}
================================================================================
Step 1: Bootstrap...
Running: ansible-playbook playbooks/01_bootstrap_macos.yml -i inventory.ini -e @/Users/vincenttietze/btc-faultlab/temp_override.yml
Step 2: Deploy...
Running: ansible-playbook playbooks/02_deploy.yml -i inventory.ini -e @/Users/vincenttietze/btc-faultlab/temp_override.yml
Step 3: Run Experiment...
Running: ansible-playbook playbooks/03_run_experiment.yml -i inventory.ini -e @/Users/vincenttietze/btc-faultlab/temp_override.yml
Step 4: Collect Data...
Running: ansible-playbook playbooks/04_collect.yml -i inventory.ini -e @/Users/vincenttietze/btc-faultlab/temp_override.yml
✅ Experiment completed successfully in 2486.2s
   Results: 20251009T012744Z

>>> Replication 3/3

================================================================================
EXPERIMENT: {'node_count': 32, 'tx_rate': 10, 'crash_fraction': 0.3, 'crash_duration_s': 300, 'crash_mode': 'burst', 'recovery_mode': 'cold', 'loss_pct': 0, 'latency_ms': 0, 'bandwidth_mbit': 100, 'warmup_s': 180, 'observe_s': 1800, 'cooldown_s': 60, 'seed': 44}
================================================================================
Step 1: Bootstrap...
Running: ansible-playbook playbooks/01_bootstrap_macos.yml -i inventory.ini -e @/Users/vincenttietze/btc-faultlab/temp_override.yml
Step 2: Deploy...
Running: ansible-playbook playbooks/02_deploy.yml -i inventory.ini -e @/Users/vincenttietze/btc-faultlab/temp_override.yml
Step 3: Run Experiment...
Running: ansible-playbook playbooks/03_run_experiment.yml -i inventory.ini -e @/Users/vincenttietze/btc-faultlab/temp_override.yml
Step 4: Collect Data...
Running: ansible-playbook playbooks/04_collect.yml -i inventory.ini -e @/Users/vincenttietze/btc-faultlab/temp_override.yml
✅ Experiment completed successfully in 2483.3s
   Results: 20251009T020908Z

📊 Running: Network Faults Only (Omission)
   Packet loss and latency without crashes

================================================================================
EXPERIMENT: network_only
Replications: 3
================================================================================

>>> Replication 1/3

================================================================================
EXPERIMENT: {'node_count': 32, 'tx_rate': 10, 'crash_fraction': 0.0, 'crash_duration_s': 0, 'loss_pct': 2, 'latency_ms': 100, 'bandwidth_mbit': 10, 'warmup_s': 180, 'observe_s': 1800, 'cooldown_s': 60, 'seed': 42}
================================================================================
Step 1: Bootstrap...
Running: ansible-playbook playbooks/01_bootstrap_macos.yml -i inventory.ini -e @/Users/vincenttietze/btc-faultlab/temp_override.yml
Step 2: Deploy...
Running: ansible-playbook playbooks/02_deploy.yml -i inventory.ini -e @/Users/vincenttietze/btc-faultlab/temp_override.yml
Step 3: Run Experiment...
Running: ansible-playbook playbooks/03_run_experiment.yml -i inventory.ini -e @/Users/vincenttietze/btc-faultlab/temp_override.yml
Step 4: Collect Data...
Running: ansible-playbook playbooks/04_collect.yml -i inventory.ini -e @/Users/vincenttietze/btc-faultlab/temp_override.yml
✅ Experiment completed successfully in 2172.7s
   Results: 20251009T025030Z

>>> Replication 2/3

================================================================================
EXPERIMENT: {'node_count': 32, 'tx_rate': 10, 'crash_fraction': 0.0, 'crash_duration_s': 0, 'loss_pct': 2, 'latency_ms': 100, 'bandwidth_mbit': 10, 'warmup_s': 180, 'observe_s': 1800, 'cooldown_s': 60, 'seed': 43}
================================================================================
Step 1: Bootstrap...
Running: ansible-playbook playbooks/01_bootstrap_macos.yml -i inventory.ini -e @/Users/vincenttietze/btc-faultlab/temp_override.yml
Step 2: Deploy...
Running: ansible-playbook playbooks/02_deploy.yml -i inventory.ini -e @/Users/vincenttietze/btc-faultlab/temp_override.yml
Step 3: Run Experiment...
Running: ansible-playbook playbooks/03_run_experiment.yml -i inventory.ini -e @/Users/vincenttietze/btc-faultlab/temp_override.yml
Step 4: Collect Data...
Running: ansible-playbook playbooks/04_collect.yml -i inventory.ini -e @/Users/vincenttietze/btc-faultlab/temp_override.yml
✅ Experiment completed successfully in 2496.5s
   Results: 20251009T032644Z

>>> Replication 3/3

================================================================================
EXPERIMENT: {'node_count': 32, 'tx_rate': 10, 'crash_fraction': 0.0, 'crash_duration_s': 0, 'loss_pct': 2, 'latency_ms': 100, 'bandwidth_mbit': 10, 'warmup_s': 180, 'observe_s': 1800, 'cooldown_s': 60, 'seed': 44}
================================================================================
Step 1: Bootstrap...
Running: ansible-playbook playbooks/01_bootstrap_macos.yml -i inventory.ini -e @/Users/vincenttietze/btc-faultlab/temp_override.yml
Step 2: Deploy...
Running: ansible-playbook playbooks/02_deploy.yml -i inventory.ini -e @/Users/vincenttietze/btc-faultlab/temp_override.yml
Step 3: Run Experiment...
Running: ansible-playbook playbooks/03_run_experiment.yml -i inventory.ini -e @/Users/vincenttietze/btc-faultlab/temp_override.yml
Step 4: Collect Data...
Running: ansible-playbook playbooks/04_collect.yml -i inventory.ini -e @/Users/vincenttietze/btc-faultlab/temp_override.yml
✅ Experiment completed successfully in 2494.4s
   Results: 20251009T040822Z

📊 Running: Combined Faults (Crash + Network)
   30% crashes with realistic network conditions - worst case

================================================================================
EXPERIMENT: combined
Replications: 3
================================================================================

>>> Replication 1/3

================================================================================
EXPERIMENT: {'node_count': 32, 'tx_rate': 10, 'crash_fraction': 0.3, 'crash_duration_s': 300, 'crash_mode': 'burst', 'recovery_mode': 'cold', 'loss_pct': 2, 'latency_ms': 100, 'bandwidth_mbit': 10, 'warmup_s': 180, 'observe_s': 1800, 'cooldown_s': 60, 'seed': 42}
================================================================================
Step 1: Bootstrap...
Running: ansible-playbook playbooks/01_bootstrap_macos.yml -i inventory.ini -e @/Users/vincenttietze/btc-faultlab/temp_override.yml
Step 2: Deploy...
Running: ansible-playbook playbooks/02_deploy.yml -i inventory.ini -e @/Users/vincenttietze/btc-faultlab/temp_override.yml
Step 3: Run Experiment...
Running: ansible-playbook playbooks/03_run_experiment.yml -i inventory.ini -e @/Users/vincenttietze/btc-faultlab/temp_override.yml
Step 4: Collect Data...
Running: ansible-playbook playbooks/04_collect.yml -i inventory.ini -e @/Users/vincenttietze/btc-faultlab/temp_override.yml
✅ Experiment completed successfully in 2485.7s
   Results: 20251009T044957Z

>>> Replication 2/3

================================================================================
EXPERIMENT: {'node_count': 32, 'tx_rate': 10, 'crash_fraction': 0.3, 'crash_duration_s': 300, 'crash_mode': 'burst', 'recovery_mode': 'cold', 'loss_pct': 2, 'latency_ms': 100, 'bandwidth_mbit': 10, 'warmup_s': 180, 'observe_s': 1800, 'cooldown_s': 60, 'seed': 43}
================================================================================
Step 1: Bootstrap...
Running: ansible-playbook playbooks/01_bootstrap_macos.yml -i inventory.ini -e @/Users/vincenttietze/btc-faultlab/temp_override.yml
Step 2: Deploy...
Running: ansible-playbook playbooks/02_deploy.yml -i inventory.ini -e @/Users/vincenttietze/btc-faultlab/temp_override.yml
Step 3: Run Experiment...
Running: ansible-playbook playbooks/03_run_experiment.yml -i inventory.ini -e @/Users/vincenttietze/btc-faultlab/temp_override.yml
Step 4: Collect Data...
Running: ansible-playbook playbooks/04_collect.yml -i inventory.ini -e @/Users/vincenttietze/btc-faultlab/temp_override.yml
✅ Experiment completed successfully in 2602.9s
   Results: 20251009T053120Z

>>> Replication 3/3

================================================================================
EXPERIMENT: {'node_count': 32, 'tx_rate': 10, 'crash_fraction': 0.3, 'crash_duration_s': 300, 'crash_mode': 'burst', 'recovery_mode': 'cold', 'loss_pct': 2, 'latency_ms': 100, 'bandwidth_mbit': 10, 'warmup_s': 180, 'observe_s': 1800, 'cooldown_s': 60, 'seed': 44}
================================================================================
Step 1: Bootstrap...
Running: ansible-playbook playbooks/01_bootstrap_macos.yml -i inventory.ini -e @/Users/vincenttietze/btc-faultlab/temp_override.yml
Step 2: Deploy...
Running: ansible-playbook playbooks/02_deploy.yml -i inventory.ini -e @/Users/vincenttietze/btc-faultlab/temp_override.yml
Step 3: Run Experiment...
Running: ansible-playbook playbooks/03_run_experiment.yml -i inventory.ini -e @/Users/vincenttietze/btc-faultlab/temp_override.yml
Step 4: Collect Data...
Running: ansible-playbook playbooks/04_collect.yml -i inventory.ini -e @/Users/vincenttietze/btc-faultlab/temp_override.yml
✅ Experiment completed successfully in 2839.3s
   Results: 20251009T061445Z

✅ Core suite complete! Results saved to: results/thesis_core_suite_20251009_090045.json

━━━━━━━━━━━━━━━━━━━━━━━━━━━━━━━━━━━━━━━━━━━━━━━━━━━━━━━━━━━━━━
  Experiments Complete - Thu Oct  9 09:00:45 CEST 2025
━━━━━━━━━━━━━━━━━━━━━━━━━━━━━━━━━━━━━━━━━━━━━━━━━━━━━━━━━━━━━━

